Kafoso_Tools_Debug_Dumper_PlainTextFormatterTest_testObjectOneDimension_b0559f888359b081714fdea9d26c65b7 Object &0000000059ef5db0000000013d00f975
{
  private static $aNull = null;
  protected $aBoolean = bool(false);
  private $aString = string(5) "lorem";
  private $aResource = Resource #52 (Type: curl)
  protected $anOverriddenVariable = string(3) "foo";
  protected $anInheritedVariable = null;
  protected $aTraitVariable = null;
  public $foo = string(3) "bar";
}
