Kafoso_Tools_Debug_Dumper_PlainTextFormatterTest_testObjectWithRecursion_298813df09b29eda5ff52f85f788ed5d Object &0000000055a42bab000000012a6db743
{
  private $parent = Kafoso_Tools_Debug_Dumper_PlainTextFormatterTest_testObjectWithRecursion_298813df09b29eda5ff52f85f788ed5d Object &0000000055a42baa000000012a6db743
  {
    private $parent = Kafoso_Tools_Debug_Dumper_PlainTextFormatterTest_testObjectWithRecursion_298813df09b29eda5ff52f85f788ed5d Object &0000000055a42bab000000012a6db743
    {
      *RECURSION*
    }
  }
}
