<span class="syntax--storage syntax--type syntax--class">final class</span> <span title="Object #" data-object="" class="syntax--entity syntax--name syntax--class">\Kafoso_Tools_Debug_Dumper_ObjectOneDimension_b0559f888359b081714fdea9d26c65b7</span><span class="section--extends">
<span class="invisible-character leading-whitespace indent-guide">    </span><span class="syntax--storage syntax--modifier syntax--extends">extends</span> <span class="syntax--entity syntax--other syntax--inherited-class">\Abstract_Kafoso_Tools_Debug_Dumper_ObjectOneDimension_b0559f888359b081714fdea9d26c65b7</span></span><span class="section--implements">
<span class="invisible-character leading-whitespace indent-guide">    </span><span class="syntax--storage syntax--modifier syntax--implements">implements</span> <span class="syntax--meta syntax--other syntax--inherited-class"><span class="syntax--entity syntax--other syntax--inherited-class">\Interface_Kafoso_Tools_Debug_Dumper_ObjectOneDimension_b0559f888359b081714fdea9d26c65b7</span></span></span>
{
<span class="section--traits"><span class="invisible-character leading-whitespace indent-guide">    </span><span class="syntax--comment syntax--line syntax--double-slash">// Traits (1)</span>
<span class="invisible-character leading-whitespace indent-guide">    </span><span class="syntax--keyword syntax--other syntax--use">use</span> <span class="syntax--support syntax--class">\Trait_Kafoso_Tools_Debug_Dumper_ObjectOneDimension_b0559f888359b081714fdea9d26c65b7</span>;
<span class="super-section--spacing">
</span></span><span class="section--constants"><span class="invisible-character leading-whitespace indent-guide">    </span><span class="syntax--comment syntax--line syntax--double-slash">// Constants (2)</span>
<span class="invisible-character leading-whitespace indent-guide">    </span><span class="syntax--storage">const</span> <span class="syntax--constant">A_CONSTANT</span> = <span class="syntax--language syntax--string">&quot;I'M A CONSTANT DECLARED IN CLASS!&quot;</span>;
<span class="invisible-character leading-whitespace indent-guide">    </span><span class="syntax--storage">const</span> <span class="syntax--constant">AN_INHERITED_CONSTANT</span> = <span class="syntax--language syntax--string">&quot;I'M AN INHERITED CONSTANT!&quot;</span>;
<span class="super-section--spacing">
</span></span><span class="section--properties"><span class="invisible-character leading-whitespace indent-guide">    </span><span class="syntax--comment syntax--line syntax--double-slash">// Variables - Declared in class (6)</span>
<span class="invisible-character leading-whitespace indent-guide">    </span><span class="syntax--storage syntax--modifier">private static</span> <span class="syntax--variable">$aNull</span> = <span class="syntax--language syntax--constant">null</span>;
<span class="invisible-character leading-whitespace indent-guide">    </span><span class="syntax--storage syntax--modifier">protected</span> <span class="syntax--variable">$aBoolean</span> = <span class="syntax--language syntax--constant">false</span>;
<span class="invisible-character leading-whitespace indent-guide">    </span><span class="syntax--storage syntax--modifier">private</span> <span class="syntax--variable">$aString</span> = <span class="syntax--language syntax--string">&quot;lorem&quot;</span>; <span class="syntax--comment syntax--line syntax--double-slash">// Length: 5</span>
<span class="invisible-character leading-whitespace indent-guide">    </span><span class="syntax--storage syntax--modifier">private</span> <span class="syntax--variable">$aResource</span> = Resource #1; <span class="syntax--comment syntax--line syntax--double-slash">// Type: curl</span>
<span class="invisible-character leading-whitespace indent-guide">    </span><span class="syntax--storage syntax--modifier">protected</span> <span class="syntax--variable">$anOverriddenVariable</span> = <span class="syntax--language syntax--string">&quot;foo&quot;</span>; <span class="syntax--comment syntax--line syntax--double-slash">// Length: 3 // <span class="syntax--keyword syntax--other syntax--phpdoc">@override</span> \Abstract_Kafoso_Tools_Debug_Dumper_ObjectOneDimension_b0559f888359b081714fdea9d26c65b7-&gt;$anOverriddenVariable</span>
<span class="invisible-character leading-whitespace indent-guide">    </span><span class="syntax--storage syntax--modifier">protected</span> <span class="syntax--variable">$aTraitVariable</span> = <span class="syntax--language syntax--constant">null</span>;
<span class="super-section--spacing">
</span></span><span class="section--properties"><span class="invisible-character leading-whitespace indent-guide">    </span><span class="syntax--comment syntax--line syntax--double-slash">// Variables - Inherited (2)</span>
<span class="invisible-character leading-whitespace indent-guide">    </span><span class="syntax--storage syntax--modifier">protected</span> <span class="syntax--variable">$anInheritedVariable</span> = <span class="syntax--language syntax--constant">null</span>;
<span class="invisible-character leading-whitespace indent-guide">    </span><span class="syntax--storage syntax--modifier">protected</span> <span class="syntax--variable">$anOverriddenVariable</span> = <span class="syntax--language syntax--string">&quot;foo&quot;</span>; <span class="syntax--comment syntax--line syntax--double-slash">// Length: 3</span>
<span class="super-section--spacing">
</span></span><span class="section--properties"><span class="invisible-character leading-whitespace indent-guide">    </span><span class="syntax--comment syntax--line syntax--double-slash">// Variables - Declared at runtime (injected) (1)</span>
<span class="invisible-character leading-whitespace indent-guide">    </span><span class="syntax--storage syntax--modifier">public</span> <span class="syntax--variable">$foo</span> = <span class="syntax--language syntax--string">&quot;bar&quot;</span>; <span class="syntax--comment syntax--line syntax--double-slash">// Length: 3</span>
<span class="super-section--spacing">
</span></span><span class="section--methods"><span class="invisible-character leading-whitespace indent-guide">    </span><span class="syntax--comment syntax--line syntax--double-slash">// Methods - Declared in class (9)</span>
<span class="invisible-character leading-whitespace indent-guide">    </span><span class="syntax--storage syntax--modifier">public function</span> <span class="syntax--support syntax--function syntax--magic">__construct</span>();
<span class="invisible-character leading-whitespace indent-guide">    </span><span class="syntax--storage syntax--modifier">public function</span> <span class="syntax--entity syntax--name syntax--function">justFunction</span>();
<span class="invisible-character leading-whitespace indent-guide">    </span><span class="syntax--storage syntax--modifier">private function</span> <span class="syntax--entity syntax--name syntax--function">aPrivateMethod</span>();
<span class="invisible-character leading-whitespace indent-guide">    </span><span class="syntax--storage syntax--modifier">protected function</span> <span class="syntax--entity syntax--name syntax--function">aProtectedMethod</span>(); <span class="syntax--comment syntax--line syntax--double-slash">// <span class="syntax--keyword syntax--other syntax--phpdoc">@override</span> \Abstract_Kafoso_Tools_Debug_Dumper_ObjectOneDimension_b0559f888359b081714fdea9d26c65b7-&gt;aProtectedMethod</span>
<span class="invisible-character leading-whitespace indent-guide">    </span><span class="syntax--storage syntax--modifier">protected static function</span> <span class="syntax--entity syntax--name syntax--function">aProtectedStaticMethod</span>(); <span class="syntax--comment syntax--line syntax--double-slash">// <span class="syntax--keyword syntax--other syntax--phpdoc">@override</span> \Abstract_Kafoso_Tools_Debug_Dumper_ObjectOneDimension_b0559f888359b081714fdea9d26c65b7::aProtectedStaticMethod</span>
<span class="invisible-character leading-whitespace indent-guide">    </span><span class="syntax--storage syntax--modifier">public static function</span> <span class="syntax--entity syntax--name syntax--function">aStaticMethod</span>();
<span class="invisible-character leading-whitespace indent-guide">    </span><span class="syntax--storage syntax--modifier">public function</span> <span class="syntax--entity syntax--name syntax--function">aFinalMethod</span>();
<span class="invisible-character leading-whitespace indent-guide">    </span><span class="syntax--storage syntax--modifier">public function</span> <span class="syntax--entity syntax--name syntax--function">anAbstractMethod</span>(); <span class="syntax--comment syntax--line syntax--double-slash">// <span class="syntax--keyword syntax--other syntax--phpdoc">@override</span> \Abstract_Kafoso_Tools_Debug_Dumper_ObjectOneDimension_b0559f888359b081714fdea9d26c65b7-&gt;anAbstractMethod</span>
<span class="invisible-character leading-whitespace indent-guide">    </span><span class="syntax--storage syntax--modifier">public function</span> <span class="syntax--entity syntax--name syntax--function">forTestingArguments</span>(<span class="section--method-parameters">
<span class="invisible-character leading-whitespace indent-guide">    </span><span class="invisible-character leading-whitespace indent-guide">    </span><span class="section--method-parameter-type-hints">?</span><span class="syntax--variable">$anEmpty</span>,
<span class="invisible-character leading-whitespace indent-guide">    </span><span class="invisible-character leading-whitespace indent-guide">    </span><span class="section--method-parameter-type-hints">?</span><span class="syntax--variable">$aNull</span> <span class="syntax--keyword syntax--operator syntax--assignment">=</span> <span class="syntax--language syntax--constant">null</span>,
<span class="invisible-character leading-whitespace indent-guide">    </span><span class="invisible-character leading-whitespace indent-guide">    </span><span class="section--method-parameter-type-hints">?</span><span class="syntax--variable">$aBoolean</span> <span class="syntax--keyword syntax--operator syntax--assignment">=</span> <span class="syntax--language syntax--constant">true</span>,
<span class="invisible-character leading-whitespace indent-guide">    </span><span class="invisible-character leading-whitespace indent-guide">    </span><span class="section--method-parameter-type-hints">?</span><span class="syntax--variable">$aFloat</span> <span class="syntax--keyword syntax--operator syntax--assignment">=</span> <span class="syntax--language syntax--constant syntax--numeric">3.14</span>,
<span class="invisible-character leading-whitespace indent-guide">    </span><span class="invisible-character leading-whitespace indent-guide">    </span><span class="section--method-parameter-type-hints">?</span><span class="syntax--variable">$anInterger</span> <span class="syntax--keyword syntax--operator syntax--assignment">=</span> <span class="syntax--language syntax--constant syntax--numeric">42</span>,
<span class="invisible-character leading-whitespace indent-guide">    </span><span class="invisible-character leading-whitespace indent-guide">    </span><span class="section--method-parameter-type-hints">?</span><span class="syntax--variable">$aString</span> <span class="syntax--keyword syntax--operator syntax--assignment">=</span> <span class="syntax--language syntax--string">&quot;lorem&quot;</span>,
<span class="invisible-character leading-whitespace indent-guide">    </span><span class="invisible-character leading-whitespace indent-guide">    </span><span class="section--method-parameter-type-hints"><span class="syntax--support syntax--storage syntax--type">array</span> </span><span class="syntax--variable">$anArray</span>,
<span class="invisible-character leading-whitespace indent-guide">    </span><span class="invisible-character leading-whitespace indent-guide">    </span><span class="section--method-parameter-type-hints"><span class="syntax--support syntax--class">\stdClass</span> </span><span class="syntax--variable">$aClass</span>,
<span class="invisible-character leading-whitespace indent-guide">    </span><span class="invisible-character leading-whitespace indent-guide">    </span><span class="section--method-parameter-type-hints"><span class="syntax--support syntax--storage syntax--type">callable</span> </span><span class="syntax--variable">$aCallable</span>,
<span class="invisible-character leading-whitespace indent-guide">    </span><span class="invisible-character leading-whitespace indent-guide">    </span><span class="section--method-parameter-type-hints">?</span><span class="syntax--variable">$oneWithAConstant</span> <span class="syntax--keyword syntax--operator syntax--assignment">=</span> <span class="syntax--language syntax--string">&quot;7.1.7&quot;</span>,
<span class="invisible-character leading-whitespace indent-guide">    </span><span class="invisible-character leading-whitespace indent-guide">    </span><span class="section--method-parameter-type-hints">?</span><span class="syntax--variable">$oneWithAClassConstant</span> <span class="syntax--keyword syntax--operator syntax--assignment">=</span> <span class="syntax--support syntax--other syntax--namespace"><span class="syntax--punctuation syntax--separator syntax--inheritance">\</span></span><span class="syntax--support syntax--class">DateTime</span><span class="syntax--keyword syntax--operator syntax--class">::</span><span class="syntax--constant syntax--other syntax--class">ATOM</span>,
<span class="invisible-character leading-whitespace indent-guide">    </span><span class="invisible-character leading-whitespace indent-guide">    </span><span class="section--method-parameter-type-hints"><span class="syntax--storage syntax--modifier syntax--reference">&amp;</span></span><span class="syntax--variable">$oneByReference</span>
<span class="invisible-character leading-whitespace indent-guide">    </span></span>);
<span class="super-section--spacing">
</span></span><span class="section--methods"><span class="invisible-character leading-whitespace indent-guide">    </span><span class="syntax--comment syntax--line syntax--double-slash">// Methods - Inherited (2)</span>
<span class="invisible-character leading-whitespace indent-guide">    </span><span class="syntax--storage syntax--modifier">protected function</span> <span class="syntax--entity syntax--name syntax--function">anInheritedMethod</span>(); <span class="syntax--comment syntax--line syntax--double-slash">// <span class="syntax--keyword syntax--other syntax--phpdoc">@inherit</span> \Abstract_Kafoso_Tools_Debug_Dumper_ObjectOneDimension_b0559f888359b081714fdea9d26c65b7</span>
<span class="invisible-character leading-whitespace indent-guide">    </span><span class="syntax--storage syntax--modifier">protected static function</span> <span class="syntax--entity syntax--name syntax--function">anInheritedStaticMethod</span>(); <span class="syntax--comment syntax--line syntax--double-slash">// <span class="syntax--keyword syntax--other syntax--phpdoc">@inherit</span> \Abstract_Kafoso_Tools_Debug_Dumper_ObjectOneDimension_b0559f888359b081714fdea9d26c65b7</span>
<span class="super-section--spacing">
</span></span>}
