[ <span class="syntax--comment syntax--line syntax--double-slash">// Size: 1</span>
<span class="invisible-character leading-whitespace indent-guide">    </span><span class="syntax--language syntax--string">&quot;foo&quot;</span> =&gt; <span class="syntax--language syntax--string">&quot;bar&quot;</span>,
];
