<span class="syntax--storage syntax--type syntax--class">class</span> <span title="Object #" data-object="" class="syntax--entity syntax--name syntax--class">\Kafoso_Tools_Debug_Dumper_ObjectMultipleLevelsWithoutRecursion_e01540c6d67623eed60a8f0c3ceeb730</span>
{
<span class="section--properties"><span class="invisible-character leading-whitespace indent-guide">    </span><span class="syntax--comment syntax--line syntax--double-slash">// Variables - Declared in class (1)</span>
<span class="invisible-character leading-whitespace indent-guide">    </span><span class="syntax--storage syntax--modifier">private</span> <span class="syntax--variable">$parent</span> = <span class="syntax--storage syntax--type syntax--class">class</span> <span title="Object #" data-object="" class="syntax--entity syntax--name syntax--class">\Kafoso_Tools_Debug_Dumper_ObjectMultipleLevelsWithoutRecursion_e01540c6d67623eed60a8f0c3ceeb730</span>
<span class="invisible-character leading-whitespace indent-guide">    </span>{
<span class="section--properties"><span class="invisible-character leading-whitespace indent-guide">    </span><span class="invisible-character leading-whitespace indent-guide">    </span><span class="syntax--comment syntax--line syntax--double-slash">// Variables - Declared in class (1)</span>
<span class="invisible-character leading-whitespace indent-guide">    </span><span class="invisible-character leading-whitespace indent-guide">    </span><span class="syntax--storage syntax--modifier">private</span> <span class="syntax--variable">$parent</span> = <span class="syntax--storage syntax--type syntax--class">class</span> <span title="Object #" data-object="" class="syntax--entity syntax--name syntax--class">\Kafoso_Tools_Debug_Dumper_ObjectMultipleLevelsWithoutRecursion_e01540c6d67623eed60a8f0c3ceeb730</span>; <span class="syntax--comment syntax--line syntax--double-slash"> // Omitted; depth level of 2 reached</span>
<span class="invisible-character indent-guide">    </span><span class="invisible-character indent-guide">    </span><span class="super-section--spacing">
</span></span><span class="section--methods"><span class="invisible-character leading-whitespace indent-guide">    </span><span class="invisible-character leading-whitespace indent-guide">    </span><span class="syntax--comment syntax--line syntax--double-slash">// Methods - Declared in class (1)</span>
<span class="invisible-character leading-whitespace indent-guide">    </span><span class="invisible-character leading-whitespace indent-guide">    </span><span class="syntax--storage syntax--modifier">public function</span> <span class="syntax--entity syntax--name syntax--function">setParent</span>(<span class="section--method-parameters"><span class="section--method-parameter-type-hints">?</span><span class="syntax--variable">$parent</span></span>);
<span class="invisible-character indent-guide">    </span><span class="invisible-character indent-guide">    </span><span class="super-section--spacing">
</span></span><span class="invisible-character leading-whitespace indent-guide">    </span>}
<span class="invisible-character indent-guide">    </span><span class="super-section--spacing">
</span></span><span class="section--methods"><span class="invisible-character leading-whitespace indent-guide">    </span><span class="syntax--comment syntax--line syntax--double-slash">// Methods - Declared in class (1)</span>
<span class="invisible-character leading-whitespace indent-guide">    </span><span class="syntax--storage syntax--modifier">public function</span> <span class="syntax--entity syntax--name syntax--function">setParent</span>(<span class="section--method-parameters"><span class="section--method-parameter-type-hints">?</span><span class="syntax--variable">$parent</span></span>);
<span class="invisible-character indent-guide">    </span><span class="super-section--spacing">
</span></span>}
