{
    "foo": {
        "bar": {
            "baz": 1,
            "bim": null
        }
    }
}
