Kafoso_Tools_Debug_Dumper_ObjectMultipleLevelsWithoutRecursion_e01540c6d67623eed60a8f0c3ceeb730 Object #
{
  private $parent = Kafoso_Tools_Debug_Dumper_ObjectMultipleLevelsWithoutRecursion_e01540c6d67623eed60a8f0c3ceeb730 Object #
  {
    private $parent = Kafoso_Tools_Debug_Dumper_ObjectMultipleLevelsWithoutRecursion_e01540c6d67623eed60a8f0c3ceeb730 Object #
    {
      private $parent = null;
    }
  }
}
