array(1) {
  ["foo"] => array(1) {
    ["bar"] => array(2) {
      ["baz"] => int(1),
      ["bim"] => null,
    },
  },
}
