[
<span class="invisible-character leading-whitespace indent-guide">····</span><span class="string">&quot;foo&quot;</span> => [
<span class="invisible-character leading-whitespace indent-guide">····</span><span class="invisible-character leading-whitespace indent-guide">····</span><span class="string">&quot;bar&quot;</span> => [
<span class="invisible-character leading-whitespace indent-guide">····</span><span class="invisible-character leading-whitespace indent-guide">····</span><span class="invisible-character leading-whitespace indent-guide">····</span><span class="string">&quot;baz&quot;</span> => <span class="constant numeric">1</span>,
<span class="invisible-character leading-whitespace indent-guide">····</span><span class="invisible-character leading-whitespace indent-guide">····</span><span class="invisible-character leading-whitespace indent-guide">····</span><span class="string">&quot;bim&quot;</span> => <span class="constant">null</span>,
<span class="invisible-character leading-whitespace indent-guide">····</span><span class="invisible-character leading-whitespace indent-guide">····</span>],
<span class="invisible-character leading-whitespace indent-guide">····</span>],
]
