<span class="syntax--language syntax--php syntax--string">&quot;foo<span class="syntax--constant syntax--character syntax--escape syntax--php">\&quot;</span>bar<span class="syntax--constant syntax--character syntax--escape syntax--php">\\</span>baz<span class="syntax--constant syntax--character syntax--escape syntax--php">\$</span>bim&quot;</span>
