<span class="expanded"><span><span><span class="storage">class</span> <a title="Object #" name="Object_"><span class="entity name class">\Kafoso_Tools_Debug_Dumper_PlainTextFormatterTest_testObjectWithRecursion_298813df09b29eda5ff52f85f788ed5d</span></a> {
</span><span><span class="invisible-character leading-whitespace indent-guide">    </span><span class="comment line double-slash php">// Variables - declared in class</span>
<span class="invisible-character leading-whitespace indent-guide">    </span><span class="storage">private</span> <span class="variable">$parent</span> = <span class="expanded"><span><span><span class="storage">class</span> <a title="Object #" name="Object_"><span class="entity name class">\Kafoso_Tools_Debug_Dumper_PlainTextFormatterTest_testObjectWithRecursion_298813df09b29eda5ff52f85f788ed5d</span></a> {
</span><span><span class="invisible-character leading-whitespace indent-guide">    </span><span class="invisible-character leading-whitespace indent-guide">    </span><span class="comment line double-slash php">// Variables - declared in class</span>
<span class="invisible-character leading-whitespace indent-guide">    </span><span class="invisible-character leading-whitespace indent-guide">    </span><span class="storage">private</span> <span class="variable">$parent</span> = <span title="Object #">(Object #; omitted)</span>;
<span class="invisible-character leading-whitespace indent-guide">    </span><span class="invisible-character leading-whitespace indent-guide">    </span><span class="comment line double-slash php">// Methods - declared in class</span>
<span class="invisible-character leading-whitespace indent-guide">    </span><span class="invisible-character leading-whitespace indent-guide">    </span><span class="storage">public function</span> <span class="entity name function">setParent</span>(<span class="variable">$parent</span>);</span>
<span class="invisible-character leading-whitespace indent-guide">    </span><span>}</span></span></span>;
<span class="invisible-character leading-whitespace indent-guide">    </span><span class="comment line double-slash php">// Methods - declared in class</span>
<span class="invisible-character leading-whitespace indent-guide">    </span><span class="storage">public function</span> <span class="entity name function">setParent</span>(<span class="variable">$parent</span>);</span>
<span>}</span></span></span>
