<div style="background-color:rgb(40,44,52);color:#abb2bf;font-family:Menlo,Consolas,'DejaVu Sans Mono',monospace;overflow:auto;padding:10px;position:relative;"><pre style="background-color:inherit;margin:0;padding:0;"><div style="border-right:1px solid rgba(171, 178, 191, 0.15);color:transparent;margin:0 0 0 -1px;position:absolute;top:10px;bottom:10px;z-index:1;">                                                                                                                        </div><div style="position:relative;z-index:2;"><span class="string">&quot;foo&quot;</span></div></pre></div>
