[
<span class="invisible-character leading-whitespace indent-guide">    </span><span class="syntax--language syntax--php syntax--string">&quot;foo&quot;</span> => <span class="syntax--language syntax--php syntax--string">&quot;bar&quot;</span>,
]
