<span class="expanded"><span><span><span class="storage">class</span> <a title="Object #00000000397a073c000000010b0616ce" name="Object_00000000397a073c000000010b0616ce"><span class="entity name class">\Kafoso_Tools_Debug_Dumper_PlainTextFormatterTest_testObjectWithRecursion_298813df09b29eda5ff52f85f788ed5d</span></a> {
</span><span><span class="invisible-character leading-whitespace indent-guide">····</span><span class="comment line double-slash php">// Variables - declared in class</span>
<span class="invisible-character leading-whitespace indent-guide">····</span><span class="storage">private</span> <span class="variable">$parent</span> = <span class="expanded"><span><span><span class="storage">class</span> <a title="Object #00000000397a0732000000010b0616ce" name="Object_00000000397a0732000000010b0616ce"><span class="entity name class">\Kafoso_Tools_Debug_Dumper_PlainTextFormatterTest_testObjectWithRecursion_298813df09b29eda5ff52f85f788ed5d</span></a> {
</span><span><span class="invisible-character leading-whitespace indent-guide">····</span><span class="invisible-character leading-whitespace indent-guide">····</span><span class="comment line double-slash php">// Variables - declared in class</span>
<span class="invisible-character leading-whitespace indent-guide">····</span><span class="invisible-character leading-whitespace indent-guide">····</span><span class="storage">private</span> <span class="variable">$parent</span> = <a href="#Object_00000000397a073c000000010b0616ce"><strong>**RECURSION**</strong> Object #00000000397a073c000000010b0616ce</a>;
<span class="invisible-character leading-whitespace indent-guide">····</span><span class="invisible-character leading-whitespace indent-guide">····</span><span class="comment line double-slash php">// Methods - declared in class</span>
<span class="invisible-character leading-whitespace indent-guide">····</span><span class="invisible-character leading-whitespace indent-guide">····</span><span class="storage">public function</span> <span class="entity name function">setParent</span>(<span class="variable">$parent</span>);</span>
<span class="invisible-character leading-whitespace indent-guide">····</span><span>}</span></span></span>;
<span class="invisible-character leading-whitespace indent-guide">····</span><span class="comment line double-slash php">// Methods - declared in class</span>
<span class="invisible-character leading-whitespace indent-guide">····</span><span class="storage">public function</span> <span class="entity name function">setParent</span>(<span class="variable">$parent</span>);</span>
<span>}</span></span></span>
