<span><span><span class="storage">class</span> <a title="Object #00000000767bf47600000000566beb8d" name="Object_00000000767bf47600000000566beb8d"><span class="entity name class">\Kafoso_Tools_Debug_Dumper_PlainTextFormatterTest_testObjectMultipleLevelsWithoutRecursion_e01540c6d67623eed60a8f0c3ceeb730</span></a> {
</span><span><span class="invisible-character leading-whitespace indent-guide">····</span><span class="comment line double-slash php">// Variables - declared in class</span>
<span class="invisible-character leading-whitespace indent-guide">····</span><span class="storage">private</span> <span class="variable">$parent</span> = <span><span><span class="storage">class</span> <a title="Object #00000000767bf47600000000566beb8d" name="Object_00000000767bf47600000000566beb8d"><span class="entity name class">\Kafoso_Tools_Debug_Dumper_PlainTextFormatterTest_testObjectMultipleLevelsWithoutRecursion_e01540c6d67623eed60a8f0c3ceeb730</span></a> {
</span><span><span class="invisible-character leading-whitespace indent-guide">····</span><span class="invisible-character leading-whitespace indent-guide">····</span><span class="comment line double-slash php">// Variables - declared in class</span>
<span class="invisible-character leading-whitespace indent-guide">····</span><span class="invisible-character leading-whitespace indent-guide">····</span><span class="storage">private</span> <span class="variable">$parent</span> = <span><span><span class="storage">class</span> <a title="Object #00000000767bf47600000000566beb8d" name="Object_00000000767bf47600000000566beb8d"><span class="entity name class">\Kafoso_Tools_Debug_Dumper_PlainTextFormatterTest_testObjectMultipleLevelsWithoutRecursion_e01540c6d67623eed60a8f0c3ceeb730</span></a> {
</span><span><span class="invisible-character leading-whitespace indent-guide">····</span><span class="invisible-character leading-whitespace indent-guide">····</span><span class="invisible-character leading-whitespace indent-guide">····</span><span class="comment line double-slash php">// Variables - declared in class</span>
<span class="invisible-character leading-whitespace indent-guide">····</span><span class="invisible-character leading-whitespace indent-guide">····</span><span class="invisible-character leading-whitespace indent-guide">····</span><span class="storage">private</span> <span class="variable">$parent</span> = <span class="constant">null</span>;
<span class="invisible-character leading-whitespace indent-guide">····</span><span class="invisible-character leading-whitespace indent-guide">····</span><span class="invisible-character leading-whitespace indent-guide">····</span><span class="comment line double-slash php">// Methods - declared in class</span>
<span class="invisible-character leading-whitespace indent-guide">····</span><span class="invisible-character leading-whitespace indent-guide">····</span><span class="invisible-character leading-whitespace indent-guide">····</span><span class="storage">public function</span> <span class="entity name function">setParent</span>(<span class="variable">$parent</span>);</span>
<span class="invisible-character leading-whitespace indent-guide">····</span><span class="invisible-character leading-whitespace indent-guide">····</span><span>}</span></span>;
<span class="invisible-character leading-whitespace indent-guide">····</span><span class="invisible-character leading-whitespace indent-guide">····</span><span class="comment line double-slash php">// Methods - declared in class</span>
<span class="invisible-character leading-whitespace indent-guide">····</span><span class="invisible-character leading-whitespace indent-guide">····</span><span class="storage">public function</span> <span class="entity name function">setParent</span>(<span class="variable">$parent</span>);</span>
<span class="invisible-character leading-whitespace indent-guide">····</span><span>}</span></span>;
<span class="invisible-character leading-whitespace indent-guide">····</span><span class="comment line double-slash php">// Methods - declared in class</span>
<span class="invisible-character leading-whitespace indent-guide">····</span><span class="storage">public function</span> <span class="entity name function">setParent</span>(<span class="variable">$parent</span>);</span>
<span>}</span></span>
