<span class="expanded"><span><span><span class="syntax--storage syntax--type syntax--class syntax--php">final class</span> <a title="Object #" name="Object_"><span class="syntax--entity syntax--name syntax--class">\Kafoso_Tools_Debug_Dumper_PlainTextFormatterTest_testObjectOneDimension_b0559f888359b081714fdea9d26c65b7</span></a>
<span class="invisible-character leading-whitespace indent-guide">    </span><span class="syntax--storage syntax--modifier syntax--extends syntax--php">extends</span> <span class="syntax--storage syntax--modifier syntax--extends syntax--php">\Abstract_Kafoso_Tools_Debug_Dumper_PlainTextFormatterTest_testObjectOneDimension_b0559f888359b081714fdea9d26c65b7</span>
<span class="invisible-character leading-whitespace indent-guide">    </span><span class="syntax--storage syntax--modifier syntax--implements syntax--php">implements</span> <span class="syntax--meta syntax--other syntax--inherited-class syntax--php"><span class="syntax--entity syntax--other syntax--inherited-class syntax--php">\Interface_Kafoso_Tools_Debug_Dumper_PlainTextFormatterTest_testObjectOneDimension_b0559f888359b081714fdea9d26c65b7</span></span>
<span>{</span>
</span><span><span class="invisible-character leading-whitespace indent-guide">    </span><span class="syntax--comment syntax--line syntax--double-slash syntax--php">// Traits</span>
<span class="invisible-character leading-whitespace indent-guide">    </span><span class="syntax--keyword syntax--other syntax--use syntax--php">use</span> <span class="syntax--support syntax--other syntax--namespace syntax--use syntax--php">\Trait_Kafoso_Tools_Debug_Dumper_PlainTextFormatterTest_testObjectOneDimension_b0559f888359b081714fdea9d26c65b7</span>;
<span class="invisible-character leading-whitespace indent-guide">    </span><span class="syntax--comment syntax--line syntax--double-slash syntax--php">// Constants</span>
<span class="invisible-character leading-whitespace indent-guide">    </span><span class="syntax--storage">const</span> <span class="syntax--constant">A_CONSTANT</span> = <span class="syntax--language syntax--php syntax--string">&quot;I'M A CONSTANT DECLARED IN CLASS!&quot;</span>; <span class="syntax--comment syntax--line syntax--double-slash syntax--php">// Length: 33</span>
<span class="invisible-character leading-whitespace indent-guide">    </span><span class="syntax--storage">const</span> <span class="syntax--constant">AN_INHERITED_CONSTANT</span> = <span class="syntax--language syntax--php syntax--string">&quot;I'M AN INHERITED CONSTANT!&quot;</span>; <span class="syntax--comment syntax--line syntax--double-slash syntax--php">// Length: 26</span>
<span class="invisible-character leading-whitespace indent-guide">    </span><span class="syntax--comment syntax--line syntax--double-slash syntax--php">// Variables - declared in class</span>
<span class="invisible-character leading-whitespace indent-guide">    </span><span class="syntax--storage syntax--modifier syntax--php">private static</span> <span class="syntax--variable">$aNull</span> = <span class="syntax--language syntax--php syntax--constant">null</span>;
<span class="invisible-character leading-whitespace indent-guide">    </span><span class="syntax--storage syntax--modifier syntax--php">protected</span> <span class="syntax--variable">$aBoolean</span> = <span class="syntax--language syntax--php syntax--constant">false</span>;
<span class="invisible-character leading-whitespace indent-guide">    </span><span class="syntax--storage syntax--modifier syntax--php">private</span> <span class="syntax--variable">$aString</span> = <span class="syntax--language syntax--php syntax--string">&quot;lorem&quot;</span>; <span class="syntax--comment syntax--line syntax--double-slash syntax--php">// Length: 5</span>
<span class="invisible-character leading-whitespace indent-guide">    </span><span class="syntax--storage syntax--modifier syntax--php">private</span> <span class="syntax--variable">$aResource</span> = Resource #1; <span class="syntax--comment syntax--line syntax--double-slash syntax--php">// Type: curl</span>
<span class="invisible-character leading-whitespace indent-guide">    </span><span class="syntax--storage syntax--modifier syntax--php">protected</span> <span class="syntax--variable">$anOverriddenVariable</span> = <span class="syntax--language syntax--php syntax--string">&quot;foo&quot;</span>; <span class="syntax--comment syntax--line syntax--double-slash syntax--php">// Length: 3 <span class="syntax--keyword syntax--other syntax--phpdoc syntax--php">@override</span> \Abstract_Kafoso_Tools_Debug_Dumper_PlainTextFormatterTest_testObjectOneDimension_b0559f888359b081714fdea9d26c65b7->$anOverriddenVariable</span>
<span class="invisible-character leading-whitespace indent-guide">    </span><span class="syntax--storage syntax--modifier syntax--php">protected</span> <span class="syntax--variable">$aTraitVariable</span> = <span class="syntax--language syntax--php syntax--constant">null</span>;
<span class="invisible-character leading-whitespace indent-guide">    </span><span class="syntax--comment syntax--line syntax--double-slash syntax--php">// Variables - inherited</span>
<span class="invisible-character leading-whitespace indent-guide">    </span><span class="syntax--storage syntax--modifier syntax--php">protected</span> <span class="syntax--variable">$anInheritedVariable</span> = <span class="syntax--language syntax--php syntax--constant">null</span>; <span class="syntax--comment syntax--line syntax--double-slash syntax--php">// <span class="syntax--keyword syntax--other syntax--phpdoc syntax--php">@inherit</span> \Abstract_Kafoso_Tools_Debug_Dumper_PlainTextFormatterTest_testObjectOneDimension_b0559f888359b081714fdea9d26c65b7</span>
<span class="invisible-character leading-whitespace indent-guide">    </span><span class="syntax--comment syntax--line syntax--double-slash syntax--php">// Variables - declared at runtime (injected)</span>
<span class="invisible-character leading-whitespace indent-guide">    </span><span class="syntax--storage syntax--modifier syntax--php">public</span> <span class="syntax--variable">$foo</span> = <span class="syntax--language syntax--php syntax--string">&quot;bar&quot;</span>; <span class="syntax--comment syntax--line syntax--double-slash syntax--php">// Length: 3</span>
<span class="invisible-character leading-whitespace indent-guide">    </span><span class="syntax--comment syntax--line syntax--double-slash syntax--php">// Methods - declared in class</span>
<span class="invisible-character leading-whitespace indent-guide">    </span><span class="syntax--storage">public function</span> <span class="syntax--entity syntax--name function">__construct</span>();
<span class="invisible-character leading-whitespace indent-guide">    </span><span class="syntax--storage">public function</span> <span class="syntax--entity syntax--name function">justFunction</span>();
<span class="invisible-character leading-whitespace indent-guide">    </span><span class="syntax--storage">private function</span> <span class="syntax--entity syntax--name function">aPrivateMethod</span>();
<span class="invisible-character leading-whitespace indent-guide">    </span><span class="syntax--storage">protected function</span> <span class="syntax--entity syntax--name function">aProtectedMethod</span>(); <span class="syntax--comment syntax--line syntax--double-slash syntax--php">// <span class="syntax--keyword syntax--other syntax--phpdoc syntax--php">@override</span> \Abstract_Kafoso_Tools_Debug_Dumper_PlainTextFormatterTest_testObjectOneDimension_b0559f888359b081714fdea9d26c65b7->aProtectedMethod()</span>
<span class="invisible-character leading-whitespace indent-guide">    </span><span class="syntax--storage">protected static function</span> <span class="syntax--entity syntax--name function">aProtectedStaticMethod</span>(); <span class="syntax--comment syntax--line syntax--double-slash syntax--php">// <span class="syntax--keyword syntax--other syntax--phpdoc syntax--php">@override</span> \Abstract_Kafoso_Tools_Debug_Dumper_PlainTextFormatterTest_testObjectOneDimension_b0559f888359b081714fdea9d26c65b7::aProtectedStaticMethod()</span>
<span class="invisible-character leading-whitespace indent-guide">    </span><span class="syntax--storage">public static function</span> <span class="syntax--entity syntax--name function">aStaticMethod</span>();
<span class="invisible-character leading-whitespace indent-guide">    </span><span class="syntax--storage">public function</span> <span class="syntax--entity syntax--name function">aFinalMethod</span>();
<span class="invisible-character leading-whitespace indent-guide">    </span><span class="syntax--storage">public function</span> <span class="syntax--entity syntax--name function">anAbstractMethod</span>(); <span class="syntax--comment syntax--line syntax--double-slash syntax--php">// <span class="syntax--keyword syntax--other syntax--phpdoc syntax--php">@override</span> \Abstract_Kafoso_Tools_Debug_Dumper_PlainTextFormatterTest_testObjectOneDimension_b0559f888359b081714fdea9d26c65b7->anAbstractMethod()</span>
<span class="invisible-character leading-whitespace indent-guide">    </span><span class="syntax--storage">public function</span> <span class="syntax--entity syntax--name function">forTestingArguments</span>(
<span class="invisible-character leading-whitespace indent-guide">    </span><span class="invisible-character leading-whitespace indent-guide">    </span><span class="syntax--variable">$anEmpty</span>,
<span class="invisible-character leading-whitespace indent-guide">    </span><span class="invisible-character leading-whitespace indent-guide">    </span><span class="syntax--variable">$aNull</span> <span class="syntax--keyword syntax--operator syntax--assignment syntax--php">=</span> <span class="syntax--language syntax--php syntax--constant">null</span>,
<span class="invisible-character leading-whitespace indent-guide">    </span><span class="invisible-character leading-whitespace indent-guide">    </span><span class="syntax--variable">$aBoolean</span> <span class="syntax--keyword syntax--operator syntax--assignment syntax--php">=</span> <span class="syntax--language syntax--php syntax--constant">true</span>,
<span class="invisible-character leading-whitespace indent-guide">    </span><span class="invisible-character leading-whitespace indent-guide">    </span><span class="syntax--variable">$aFloat</span> <span class="syntax--keyword syntax--operator syntax--assignment syntax--php">=</span> <span class="syntax--language syntax--php syntax--constant syntax--numeric">3.14</span>,
<span class="invisible-character leading-whitespace indent-guide">    </span><span class="invisible-character leading-whitespace indent-guide">    </span><span class="syntax--variable">$anInterger</span> <span class="syntax--keyword syntax--operator syntax--assignment syntax--php">=</span> <span class="syntax--language syntax--php syntax--constant syntax--numeric">42</span>,
<span class="invisible-character leading-whitespace indent-guide">    </span><span class="invisible-character leading-whitespace indent-guide">    </span><span class="syntax--variable">$aString</span> <span class="syntax--keyword syntax--operator syntax--assignment syntax--php">=</span> <span class="syntax--language syntax--php syntax--string">&quot;lorem&quot;</span>,
<span class="invisible-character leading-whitespace indent-guide">    </span><span class="invisible-character leading-whitespace indent-guide">    </span><span class="syntax--storage">array</span> <span class="syntax--variable">$anArray</span>,
<span class="invisible-character leading-whitespace indent-guide">    </span><span class="invisible-character leading-whitespace indent-guide">    </span><span class="syntax--support class">\stdClass</span> <span class="syntax--variable">$aClass</span>,
<span class="invisible-character leading-whitespace indent-guide">    </span><span class="invisible-character leading-whitespace indent-guide">    </span><span class="syntax--storage">callable</span> <span class="syntax--variable">$aCallable</span>,
<span class="invisible-character leading-whitespace indent-guide">    </span><span class="invisible-character leading-whitespace indent-guide">    </span><span class="syntax--variable">$oneWithAConstant</span> <span class="syntax--keyword syntax--operator syntax--assignment syntax--php">=</span> <span class="syntax--constant">PHP_VERSION</span>,
<span class="invisible-character leading-whitespace indent-guide">    </span><span class="invisible-character leading-whitespace indent-guide">    </span><span class="syntax--variable">$oneWithAClassConstant</span> <span class="syntax--keyword syntax--operator syntax--assignment syntax--php">=</span> <span class="syntax--support syntax--class">\DateTime</span>::<span class="syntax--constant">ATOM</span>,
<span class="invisible-character leading-whitespace indent-guide">    </span><span class="invisible-character leading-whitespace indent-guide">    </span><span class="syntax--storage">&amp;</span><span class="syntax--variable">$oneByReference</span>
<span class="invisible-character leading-whitespace indent-guide">    </span>);
<span class="invisible-character leading-whitespace indent-guide">    </span><span class="syntax--comment syntax--line syntax--double-slash syntax--php">// Methods - Inherited</span>
<span class="invisible-character leading-whitespace indent-guide">    </span><span class="syntax--storage">protected function</span> <span class="syntax--entity syntax--name function">anInheritedMethod</span>(); <span class="syntax--comment syntax--line syntax--double-slash syntax--php">// <span class="syntax--keyword syntax--other syntax--phpdoc syntax--php">@inherit</span> \Abstract_Kafoso_Tools_Debug_Dumper_PlainTextFormatterTest_testObjectOneDimension_b0559f888359b081714fdea9d26c65b7</span>
<span class="invisible-character leading-whitespace indent-guide">    </span><span class="syntax--storage">protected static function</span> <span class="syntax--entity syntax--name function">anInheritedStaticMethod</span>(); <span class="syntax--comment syntax--line syntax--double-slash syntax--php">// <span class="syntax--keyword syntax--other syntax--phpdoc syntax--php">@inherit</span> \Abstract_Kafoso_Tools_Debug_Dumper_PlainTextFormatterTest_testObjectOneDimension_b0559f888359b081714fdea9d26c65b7</span></span>
<span>}</span></span></span>
