[
<span class="invisible-character leading-whitespace indent-guide">····</span><span class="string">&quot;foo&quot;</span> => [
<span class="invisible-character leading-whitespace indent-guide">····</span><span class="invisible-character leading-whitespace indent-guide">····</span><span class="string">&quot;bar&quot;</span> => (Array(2); omitted),
<span class="invisible-character leading-whitespace indent-guide">····</span>],
]
